20:51:10 **** Build of configuration Debug for project ble ****
make -j4 all 
arm-none-eabi-gcc -o "ble.elf" @"objects.list"   -mcpu=cortex-m3 -T"C:\Users\olabe\Desktop\projekt\ble\STM32L152RETX_FLASH.ld" --specs=nosys.specs -Wl,-Map="ble.map" -Wl,--gc-sections -static --specs=nano.specs -mfloat-abi=soft -mthumb -Wl,--start-group -lc -lm -Wl,--end-group
Finished building target: ble.elf
 
arm-none-eabi-size  ble.elf 
arm-none-eabi-objdump -h -S ble.elf  > "ble.list"
   text	   data	    bss	    dec	    hex	filename
  31436	    128	   3200	  34764	   87cc	ble.elf
Finished building: default.size.stdout
 
Finished building: ble.list
 

20:51:12 Build Finished. 0 errors, 0 warnings. (took 2s.117ms)

